node.exe : (node:17152) [DEP0190] DeprecationWarning: Passing args to a child process with shell 
option true can lead to security vulnerabilities, as the arguments are not escaped, only 
concatenated.
En C:\Users\USUARIO\AppData\Roaming\npm\npx.ps1: 24 Carácter: 5
+     & "node$exe"  "$basedir/node_modules/npx/index.js" $args
+     ~~~~~~~~~~~~~~~~~~~~~~~~~~~~~~~~~~~~~~~~~~~~~~~~~~~~~~~~
    + CategoryInfo          : NotSpecified: ((node:17152) [D...y concatenated.:String) [], Remote 
   Exception
    + FullyQualifiedErrorId : NativeCommandError
 
(Use `node --trace-deprecation ...` to show where the warning was created)
ÔÜá Warning: Next.js inferred your workspace root, but it may not be correct.
 We detected multiple lockfiles and selected the directory of C:\Users\USUARIO\package-lock.json 
as the root directory.
 To silence this warning, set `turbopack.root` in your Next.js config, or consider removing one 
of the lockfiles if it's not needed.
   See https://nextjs.org/docs/app/api-reference/config/next-config-js/turbopack#root-directory 
for more information.
 Detected additional lockfiles: 
   * C:\Users\USUARIO\Desarrollo\juanarango_ecommerce\package-lock.json
   * C:\Users\USUARIO\Desarrollo\pnpm-lock.yaml

Ôû▓ Next.js 16.1.1 (Turbopack)
- Environments: .env.local
- Experiments (use with caution):
  Ô£ô inlineCss

  Creating an optimized production build ...
Ô£ô Compiled successfully in 27.7s
  Running TypeScript ...
  Collecting page data using 11 workers ...
ÔÜá Using edge runtime on a page currently disables static generation for that page
The default export of @sanity/image-url has been deprecated. Use the named export 
`createImageUrlBuilder` instead.
The default export of @sanity/image-url has been deprecated. Use the named export 
`createImageUrlBuilder` instead.
The default export of @sanity/image-url has been deprecated. Use the named export 
`createImageUrlBuilder` instead.
The default export of @sanity/image-url has been deprecated. Use the named export 
`createImageUrlBuilder` instead.
  Generating static pages using 11 workers (0/527) ...
The default export of @sanity/image-url has been deprecated. Use the named export 
`createImageUrlBuilder` instead.
The default export of @sanity/image-url has been deprecated. Use the named export 
`createImageUrlBuilder` instead.
The default export of @sanity/image-url has been deprecated. Use the named export 
`createImageUrlBuilder` instead.
The default export of @sanity/image-url has been deprecated. Use the named export 
`createImageUrlBuilder` instead.
The default export of @sanity/image-url has been deprecated. Use the named export 
`createImageUrlBuilder` instead.
The default export of @sanity/image-url has been deprecated. Use the named export 
`createImageUrlBuilder` instead.
The default export of @sanity/image-url has been deprecated. Use the named export 
`createImageUrlBuilder` instead.
The default export of @sanity/image-url has been deprecated. Use the named export 
`createImageUrlBuilder` instead.
The default export of @sanity/image-url has been deprecated. Use the named export 
`createImageUrlBuilder` instead.
The default export of @sanity/image-url has been deprecated. Use the named export 
`createImageUrlBuilder` instead.
The default export of @sanity/image-url has been deprecated. Use the named export 
`createImageUrlBuilder` instead.
  Generating static pages using 11 workers (131/527) 
The default export of @sanity/image-url has been deprecated. Use the named export 
`createImageUrlBuilder` instead.
  Generating static pages using 11 workers (263/527) 
The default export of @sanity/image-url has been deprecated. Use the named export 
`createImageUrlBuilder` instead.
The default export of @sanity/image-url has been deprecated. Use the named export 
`createImageUrlBuilder` instead.
  Generating static pages using 11 workers (395/527) 
The default export of @sanity/image-url has been deprecated. Use the named export 
`createImageUrlBuilder` instead.
Ô£ô Generating static pages using 11 workers (527/527) in 18.7s
  Finalizing page optimization ...

Route (app)
Ôöî Ôùï /
Ôö£ Ôùï /_not-found
Ôö£ ãÆ /api/acceso-anticipado
Ôö£ ãÆ /api/admin/sync
Ôö£ ãÆ /api/audio/generate-chunk
Ôö£ ãÆ /api/audio/save-resources
Ôö£ ãÆ /api/debug-pseo
Ôö£ ãÆ /api/debug-search
Ôö£ ãÆ /api/generate-comparison
Ôö£ ãÆ /api/generate-tag-content
Ôö£ ãÆ /api/og
Ôö£ ãÆ /api/prompts/like
Ôö£ ãÆ /api/revalidate-nitro
Ôö£ ãÆ /api/sanity-webhook
Ôö£ ãÆ /api/send-pdf-summary
Ôö£ ãÆ /api/telegram-prompt-publish
Ôö£ ãÆ /api/telegram-publish
Ôö£ ãÆ /api/webhooks/cal
Ôö£ ãÆ /api/webhooks/send-proposal
Ôö£ Ôùï /app-tools
Ôö£ ÔùÅ /app-tools/[slug]
Ôöé Ôö£ /app-tools/vsco
Ôöé Ôö£ /app-tools/bluehost
Ôöé Ôö£ /app-tools/elevenlabs
Ôöé Ôöö [+43 more paths]
Ôö£ ãÆ /auth/callback
Ôö£ ãÆ /blog
Ôö£ ÔùÅ /blog/[...slug]
Ôöé Ôö£ /blog/ecommerce
Ôöé Ôö£ /blog/estrategia-marketing
Ôöé Ôö£ /blog/ia-automatizacion
Ôöé Ôöö [+429 more paths]
Ôö£ Ôùï /blog/prompts
Ôö£ ãÆ /blog/tags/[tag]
Ôö£ Ôùï /comparar
Ôö£ ÔùÅ /comparar/[slug]
Ôöé Ôö£ /comparar/manus-vs-chat-gpt
Ôöé Ôö£ /comparar/sim-ai-vs-manus
Ôöé Ôö£ /comparar/chat-gpt-vs-grok
Ôöé Ôöö [+5 more paths]
Ôö£ Ôùï /demos/aura-stetic
Ôö£ ãÆ /demos/luxe-estates
Ôö£ Ôùï /guias
Ôö£ Ôùï /guias/claude-code
Ôö£ Ôùï /guias/mcp
Ôö£ Ôùï /guias/openclaw-ai
Ôö£ Ôùï /guias/shopify
Ôö£ Ôùï /laboratorio
Ôö£ Ôùï /laboratorio/nitro-dropshipping
Ôö£ Ôùï /newsletter
Ôö£ Ôùï /nitro-strategy
Ôö£ Ôùï /robots.txt
Ôö£ Ôùï /shopify
Ôö£ ãÆ /sitemap.xml
Ôö£ Ôùï /sobre-mi
Ôö£ Ôùï /soluciones/clinicas
Ôö£ Ôùï /soluciones/nitro-bot
Ôö£ Ôùï /soluciones/nitro-commerce
Ôö£ ÔùÅ /soluciones/nitro-commerce/[slug]
Ôöé Ôö£ /soluciones/nitro-commerce/clinicas-esteticas-bogota
Ôöé Ôö£ /soluciones/nitro-commerce/clinicas-esteticas-pereira
Ôöé Ôöö /soluciones/nitro-commerce/alto-rendimiento-empresas-mundial
Ôö£ Ôùï /soluciones/nitro-inmobiliaria
Ôö£ Ôùï /soluciones/nitro-retail
Ôö£ Ôùï /soluciones/nitro-search
Ôö£ ãÆ /studio/[[...index]]
Ôöö Ôùï /studio/audio-gen


ãÆ Proxy (Middleware)

Ôùï  (Static)   prerendered as static content
ÔùÅ  (SSG)      prerendered as static HTML (uses generateStaticParams)
ãÆ  (Dynamic)  server-rendered on demand

